test/cgen/wrong/exists1@kk(18,27): error: True does not match the argument types
 context : True
 term : True
 inferred type: bool
 expected type: $a