42
 
algeff/exn3/abort: forall<a> () -> abort a
algeff/exn3/main: () -> int