test/kind/wrong/rec2@kk(2, 1): kind error: Type recurse is declared as being
 (co)inductive but it occurs recursively in a negative position@
 hint: declare it as a divergent (or retractive) type using 'div type' (or 'div effect') to allow negative occurrences