module parc/parc11
import std/core/types = std/core/types = "";
import std/core = std/core = "";
pub fun test : (x : list<int>) -> list<int>
 = fn(x: list<int>){
 match (x) {
 (std/core/types/Cons(((@skip std/core/types/@Box((@pat@xxx: int)) : @Box ) as @box-xxx: @Box), (@pat@xxx: list<int>)) : list<int> )
 -> x;
 (@skip std/core/types/Nil() : (list<int>) )
 -> std/core/types/Nil;
 };
 };