module parc/parc18
import std/core/types = std/core/types = "";
import std/core = std/core = "";
pub fun test : forall<a> (xs : list<a>, ys : list<a>) -> list<a>
 = fn(xs: list<0>, ys: list<0>){
 match (xs) {
 (std/core/Cons((z: 47), (@pat@xxx: list<0>)) : list<a> )
 -> (match (ys) {
 (std/core/Cons((z@xxx: 47), (@pat@xxx: list<0>)) : list<a> )
 -> val _ : ()
 = (match ((std/core/types/@is-unique(ys))) {
 (std/core/types/True() : bool )
 -> val _ : ()
 = val _ : ()
 = std/core/types/@drop(@pat@xxx);
 std/core/types/Unit;
 std/core/types/@free(ys);
 _
 -> val _ : ()
 = val _ : a
 = std/core/types/@dup(z@xxx);
 std/core/types/Unit;
 val _ : ()
 = std/core/types/@dec-ref(ys);
 std/core/types/Unit;
 });
 val @ru-x153 : reuse
 = std/core/types/no-reuse();
 val _ : ()
 = (match ((std/core/types/@is-unique(xs))) {
 (std/core/types/True() : bool )
 -> val _ : ()
 = val _ : ()
 = std/core/types/@drop(z);
 val _ : ()
 = std/core/types/@drop(@pat@xxx);
 std/core/types/Unit;
 std/core/types/@assign-reuse(@ru-x153, (std/core/types/@reuse(xs)));
 _
 -> val _ : ()
 = std/core/types/Unit;
 val _ : ()
 = std/core/types/@dec-ref(xs);
 std/core/types/Unit;
 });
 std/core/types/@alloc-at(@ru-x153, (std/core/Cons(z@xxx, std/core/Nil)));
 (@skip std/core/Nil() : (list<a>) )
 -> xs;
 });
 (@skip std/core/Nil() : (list<a>) )
 -> ys;
 };
 };
test/parc/parc18@kk(4,23): warning: z shadows an earlier local definition or parameter
test/parc/parc18@kk(3, 5): warning: pattern variable z is unused (or a wrongly spelled constructor?)
 hint: prepend an underscore to make it a wildcard pattern