test/algeff/wrong/eff-rec4@kk(2, 1): kind error: Type state is declared as being
 (co)inductive but it occurs recursively in a negative position@
 hint: declare it as a 'rec type' (or 'rec effect') to allow negative occurrences