test/algeff/wrong/eff-rec1@kk(1, 1): kind error: Type cow is declared as being
 (co)inductive but it occurs recursively in a negative position@
 hint: declare it as a divergent (or retractive) type using 'div type' (or 'div effect') to allow negative occurrences