type/opt1/main: () -> int
type/opt1/plus: (x : int, y : int, z : ? int) -> int