test/type/wrong/hm4@kk(4, 5): error: Unit does not match the argument types
 context : {}
 term : {}
 inferred type: ()
 expected type: int