test/type/wrong/scheduler3@kk(32, 7): type error: types do not match (due to an infinite type)
 context : fun driver() // : <st<global>, pure> ()
 @@@
 driver()
 term : driver
 inferred type: () -> <st<global>,div|_e> ()
 expected type: () -> <st<global>,pure|_e> ()
 because : recursive invocations do not match the assumed type; add a type annotation?
 hint : give a type to the function definition?