test/type/wrong/val1a@kk(4,33): type error: True does not match the argument types
 context : True
 term : True
 inferred type: bool
 expected type: int