cgen/specialize/bintree/@lift-main364: (tree344 : tree<int>) -> tree<int>
cgen/specialize/bintree/@lift-main365: (xs352 : list<int>) -> list<int>
cgen/specialize/bintree/@lift-main366: (xs357 : list<int>) -> list<int>
cgen/specialize/bintree/is-bin: forall<a> (tree : tree<a>) -> bool
cgen/specialize/bintree/is-leaf: forall<a> (tree : tree<a>) -> bool
cgen/specialize/bintree/main: () -> ()
cgen/specialize/bintree/mapTree: forall<a,b> (tree : tree<a>, f : (a) -> b) -> tree<b>