160
 
cgen/specialize/map4/@lift-main306: (xs297 : list<int>) -> list<int>
cgen/specialize/map4/@lift-test305: forall<a> (g : (a) -> int, y : int, xs289 : list<a>) -> list<int>
cgen/specialize/map4/@mlift-unroll-map-poly174313: forall<a,e> (a, list<a>) -> e list<a>
cgen/specialize/map4/@mlift-unroll-map-poly174314: forall<a,b,e> (f : (a) -> e b, xx : list<a>, b) -> e list<b>
cgen/specialize/map4/@unroll-map-poly174: forall<a,b,e> (xs : list<a>, f : (a) -> e b) -> e list<b>
cgen/specialize/map4/main: () -> console ()
cgen/specialize/map4/map-poly: forall<a,b,e> (xs : list<a>, f : (a) -> e b) -> e list<b>
cgen/specialize/map4/test: forall<a> (xs : list<a>, y : int, g : (a) -> int) -> list<int>