115
 
cgen/specialize/map5/@lift-xxx: (xsxxx : list<int>) -> list<int>
cgen/specialize/map5/@lift-xxx: (xsxxx : list<int>) -> list<int>
cgen/specialize/map5/@lift-xxx: forall<a> (f : (a) -> int, y : int, xsxxx : list<a>) -> list<int>
cgen/specialize/map5/@lift-xxx: forall<a> (f : (a) -> int, y : int, xsxxx : list<a>) -> list<int>
cgen/specialize/map5/main: () -> console ()
cgen/specialize/map5/test: forall<a> (xs : list<a>, y : int, f : (a) -> int) -> list<int>