Tree(2, [Tree(3, []), Tree(4, [])])
 
cgen/specialize/tree-list/tree/@copy: forall<a> (tree<a>, data : optional<a>, children : optional<list<tree<a>>>) -> tree<a>
cgen/specialize/tree-list/tree/children: forall<a> (tree : tree<a>) -> list<tree<a>>
cgen/specialize/tree-list/tree/data: forall<a> (tree : tree<a>) -> a
cgen/specialize/tree-list/@lift-main648: (tree<int>) -> <div,console> tree<int>
cgen/specialize/tree-list/@lift-main649: (xs632 : list<tree<int>>) -> <div,console> list<tree<int>>
cgen/specialize/tree-list/@lift-main650: (xs637 : list<tree<int>>) -> <div,console> list<tree<int>>
cgen/specialize/tree-list/@lift-mapT644: forall<a,b,e> (f : (a) -> <div|e> b, xs600 : list<tree<a>>) -> <div|e> list<tree<b>>
cgen/specialize/tree-list/@lift-mapT645: forall<a,b,e> (f : (a) -> <div|e> b, xs605 : list<tree<a>>) -> <div|e> list<tree<b>>
cgen/specialize/tree-list/@lift-show646: (xs613 : list<tree<int>>) -> div list<string>
cgen/specialize/tree-list/@lift-show647: (xs618 : list<tree<int>>) -> div list<string>
cgen/specialize/tree-list/@mlift-lift-mapT645661: forall<a,e> (tree<a>, list<tree<a>>) -> <div|e> list<tree<a>>
cgen/specialize/tree-list/@mlift-lift-mapT645662: forall<a,b,e> (f : (a) -> <div|e> b, xx609 : list<tree<a>>, tree<b>) -> <div|e> list<tree<b>>
cgen/specialize/tree-list/@mlift-mapT663: forall<a,e> (a, list<tree<a>>) -> <div|e> tree<a>
cgen/specialize/tree-list/@mlift-mapT664: forall<a,b,e> (children : list<tree<a>>, f : (a) -> <div|e> b, b) -> <div|e> tree<b>
cgen/specialize/tree-list/main: () -> <console,div> ()
cgen/specialize/tree-list/mapT: forall<a,b,e> (tree<a>, f : (a) -> <div|e> b) -> <div|e> tree<b>
cgen/specialize/tree-list/show: (tree<int>) -> div string