[21,24,27,30,33,36,39,42,45,48]
 
cgen/specialize/zipwithacc/@lift-main325: (i301 : int, acc302 : list<int>, xs303 : list<int>, ys304 : list<int>) -> console list<int>
cgen/specialize/zipwithacc/@mlift-unroll-zipwith-acc188337: forall<e,a,b,c> (acc : list<b>, f : (int, a, c) -> e b, i : int, xx : list<a>, yy : list<c>, b) -> 
 e list<b>
cgen/specialize/zipwithacc/@unroll-zipwith-acc188: forall<a,b,c,e> (f : (int, a, b) -> e c, i : int, acc : list<c>, xs : list<a>, ys : list<b>) -> e list<c>
cgen/specialize/zipwithacc/main: () -> console ()
cgen/specialize/zipwithacc/zipwith-acc: forall<a,b,c,e> (f : (int, a, b) -> e c, i : int, acc : list<c>, xs : list<a>, ys : list<b>) -> e list<c>